[2025-11-02 14:46:53] [INFO   ] Game logger initialized 
[2025-11-02 14:46:53] [INFO   ] Starting Arkanoid Game... 
[2025-11-02 14:46:54] [INFO   ] Game reset - Lives: 3 
[2025-11-02 14:46:54] [INFO   ] High score file not found, creating default scores 
[2025-11-02 14:46:54] [INFO   ] Saved 10 high scores 
[2025-11-02 14:46:54] [INFO   ] Initializing Sound Manager - Sound enabled 
[2025-11-02 14:46:54] [INFO   ] Game initialized successfully 
[2025-11-02 14:46:56] [INFO   ] Game reset - Lives: 3 
[2025-11-02 14:48:16] [INFO   ] Extra life gained - Lives: 4 
[2025-11-02 14:49:09] [INFO   ] Loaded 10 high scores 
[2025-11-02 14:50:12] [INFO   ] Loaded 10 high scores 
[2025-11-02 22:01:27] [INFO   ] Game logger initialized 
[2025-11-02 22:01:27] [INFO   ] Starting Arkanoid Game... 
[2025-11-02 22:01:27] [INFO   ] Game reset - Lives: 3 
[2025-11-02 22:01:27] [INFO   ] Loaded 10 high scores 
[2025-11-02 22:01:27] [INFO   ] Initializing Sound Manager - Sound enabled 
[2025-11-02 22:01:28] [INFO   ] Game initialized successfully 
[2025-11-02 22:01:30] [INFO   ] Game reset - Lives: 3 
[2025-11-02 22:01:35] [INFO   ] Life lost - Remaining lives: 2 
[2025-11-02 22:02:12] [INFO   ] Advancing to level: 2 
[2025-11-02 22:03:15] [INFO   ] Loaded 10 high scores 
[2025-11-03 13:56:28] [INFO   ] Game logger initialized 
[2025-11-03 13:56:29] [INFO   ] Starting Arkanoid Game... 
[2025-11-03 13:56:30] [INFO   ] Game reset - Lives: 3 
[2025-11-03 13:56:30] [INFO   ] Loaded 10 high scores 
[2025-11-03 13:56:30] [INFO   ] Initializing Sound Manager - Sound enabled 
[2025-11-03 13:56:30] [INFO   ] Game initialized successfully 
[2025-11-03 13:56:45] [INFO   ] Game reset - Lives: 3 
[2025-11-03 20:59:26] [INFO   ] Game logger initialized 
[2025-11-03 20:59:26] [INFO   ] Starting Arkanoid Game... 
[2025-11-03 20:59:27] [INFO   ] Game reset - Lives: 3 
[2025-11-03 20:59:27] [INFO   ] Loaded 10 high scores 
[2025-11-03 20:59:27] [INFO   ] Initializing Sound Manager - Sound enabled 
[2025-11-03 20:59:27] [INFO   ] Game initialized successfully 
[2025-11-03 20:59:31] [INFO   ] Loaded 10 high scores 
[2025-11-03 20:59:49] [INFO   ] Game reset - Lives: 3 
[2025-11-03 21:00:03] [INFO   ] Life lost - Remaining lives: 2 
[2025-11-03 23:30:47] [INFO   ] Game logger initialized 
[2025-11-03 23:30:47] [INFO   ] Starting Arkanoid Game... 
[2025-11-03 23:30:48] [INFO   ] Game reset - Lives: 3 
[2025-11-03 23:30:48] [INFO   ] Loaded 10 high scores 
[2025-11-03 23:30:48] [INFO   ] Initializing Sound Manager - Sound enabled 
[2025-11-03 23:30:48] [INFO   ] Game initialized successfully 
[2025-11-03 23:30:52] [INFO   ] Loaded 10 high scores 
[2025-11-03 23:30:56] [INFO   ] Created saves directory 
[2025-11-03 23:31:00] [INFO   ] Game reset - Lives: 3 
[2025-11-03 23:31:16] [INFO   ] Life lost - Remaining lives: 2 
[2025-11-03 23:51:06] [INFO   ] Game logger initialized 
[2025-11-03 23:51:06] [INFO   ] Starting Arkanoid Game... 
[2025-11-03 23:51:07] [INFO   ] Game reset - Lives: 3 
[2025-11-03 23:51:07] [INFO   ] Loaded 10 high scores 
[2025-11-03 23:51:07] [INFO   ] Initializing Sound Manager - Sound enabled 
[2025-11-03 23:51:08] [INFO   ] Game initialized successfully 
[2025-11-03 23:51:09] [INFO   ] Game reset - Lives: 3 
[2025-11-03 23:51:21] [INFO   ] Life lost - Remaining lives: 2 
